// Jest Snapshot v1, https://goo.gl/fbAQLP

exports[`snapshot test 1`] = `
<td
  className="dark"
  onClick={[Function]}
>
  <img
    alt=""
    src="white-piece.svg"
  />
</td>
`;
