// Jest Snapshot v1, https://goo.gl/fbAQLP

exports[`snapshot test 1`] = `
<div
  id="chat"
>
  <div>
    <p
      className="MuiTypography-root MuiTypography-body1"
    >
      You
      : 
      Message 1
    </p>
    <p
      className="MuiTypography-root MuiTypography-body1"
    >
      Oponent
      : 
      Longer message
    </p>
    <p
      className="MuiTypography-root MuiTypography-body1"
    >
      You
      : 
      One more message
    </p>
  </div>
  <div
    className="MuiFormControl-root MuiTextField-root"
    onKeyDown={[Function]}
  >
    <label
      className="MuiFormLabel-root MuiInputLabel-root MuiInputLabel-formControl MuiInputLabel-animated"
      data-shrink={false}
    >
      Message
    </label>
    <div
      className="MuiInputBase-root MuiInput-root MuiInput-underline MuiInputBase-formControl MuiInput-formControl"
      onClick={[Function]}
    >
      <input
        aria-invalid={false}
        autoFocus={false}
        className="MuiInputBase-input MuiInput-input"
        disabled={false}
        onAnimationStart={[Function]}
        onBlur={[Function]}
        onChange={[Function]}
        onFocus={[Function]}
        required={false}
        type="text"
      />
    </div>
  </div>
</div>
`;
